// Vitest Snapshot v1

exports[`QuantityDropdown > Renders without crashin 1`] = `
{
  "asFragment": [Function],
  "baseElement": <body>
    <div>
      <div
        class="sc-bczRLJ gPXlOd"
      >
        <div
          class="sc-gsnTZi evBwtk"
        >
          <p
            class="sc-dkzDqf bhEbba"
          >
            Quantity:
          </p>
        </div>
        <div
          class="sc-hKMtZM fUPfiV"
        >
          <div
            class="sc-eCYdqJ hzsJqb"
          >
            <p
              class="sc-jSMfEi jvVtXX"
            />
            <div
              class="sc-gKXOVf bRKVfn"
            >
              <svg
                fill="currentColor"
                height="1em"
                stroke="currentColor"
                stroke-width="0"
                style="vertical-align: middle;"
                viewBox="0 0 24 24"
                width="1em"
                xmlns="http://www.w3.org/2000/svg"
              >
                <path
                  d="M0 0h24v24H0V0z"
                  fill="none"
                />
                <path
                  d="M7.41 8.59L12 13.17l4.59-4.58L18 10l-6 6-6-6 1.41-1.41z"
                />
              </svg>
            </div>
          </div>
        </div>
      </div>
    </div>
  </body>,
  "container": <div>
    <div
      class="sc-bczRLJ gPXlOd"
    >
      <div
        class="sc-gsnTZi evBwtk"
      >
        <p
          class="sc-dkzDqf bhEbba"
        >
          Quantity:
        </p>
      </div>
      <div
        class="sc-hKMtZM fUPfiV"
      >
        <div
          class="sc-eCYdqJ hzsJqb"
        >
          <p
            class="sc-jSMfEi jvVtXX"
          />
          <div
            class="sc-gKXOVf bRKVfn"
          >
            <svg
              fill="currentColor"
              height="1em"
              stroke="currentColor"
              stroke-width="0"
              style="vertical-align: middle;"
              viewBox="0 0 24 24"
              width="1em"
              xmlns="http://www.w3.org/2000/svg"
            >
              <path
                d="M0 0h24v24H0V0z"
                fill="none"
              />
              <path
                d="M7.41 8.59L12 13.17l4.59-4.58L18 10l-6 6-6-6 1.41-1.41z"
              />
            </svg>
          </div>
        </div>
      </div>
    </div>
  </div>,
  "debug": [Function],
  "findAllByAltText": [Function],
  "findAllByDisplayValue": [Function],
  "findAllByLabelText": [Function],
  "findAllByPlaceholderText": [Function],
  "findAllByRole": [Function],
  "findAllByTestId": [Function],
  "findAllByText": [Function],
  "findAllByTitle": [Function],
  "findByAltText": [Function],
  "findByDisplayValue": [Function],
  "findByLabelText": [Function],
  "findByPlaceholderText": [Function],
  "findByRole": [Function],
  "findByTestId": [Function],
  "findByText": [Function],
  "findByTitle": [Function],
  "getAllByAltText": [Function],
  "getAllByDisplayValue": [Function],
  "getAllByLabelText": [Function],
  "getAllByPlaceholderText": [Function],
  "getAllByRole": [Function],
  "getAllByTestId": [Function],
  "getAllByText": [Function],
  "getAllByTitle": [Function],
  "getByAltText": [Function],
  "getByDisplayValue": [Function],
  "getByLabelText": [Function],
  "getByPlaceholderText": [Function],
  "getByRole": [Function],
  "getByTestId": [Function],
  "getByText": [Function],
  "getByTitle": [Function],
  "queryAllByAltText": [Function],
  "queryAllByDisplayValue": [Function],
  "queryAllByLabelText": [Function],
  "queryAllByPlaceholderText": [Function],
  "queryAllByRole": [Function],
  "queryAllByTestId": [Function],
  "queryAllByText": [Function],
  "queryAllByTitle": [Function],
  "queryByAltText": [Function],
  "queryByDisplayValue": [Function],
  "queryByLabelText": [Function],
  "queryByPlaceholderText": [Function],
  "queryByRole": [Function],
  "queryByTestId": [Function],
  "queryByText": [Function],
  "queryByTitle": [Function],
  "rerender": [Function],
  "unmount": [Function],
}
`;
